[0.000000] (-) TimerEvent: {}
[0.001073] (robot_trajectory) JobQueued: {'identifier': 'robot_trajectory', 'dependencies': OrderedDict()}
[0.002997] (robot_trajectory) JobStarted: {'identifier': 'robot_trajectory'}
[0.017610] (robot_trajectory) JobProgress: {'identifier': 'robot_trajectory', 'progress': 'cmake'}
[0.018854] (robot_trajectory) Command: {'cmd': ['/usr/bin/cmake', '/home/usuario/Documentos/GitHub/vamoshostia/tb3_ws/src/tb3_ws/src/robot_trajectory', '-DCMAKE_INSTALL_PREFIX=/home/usuario/Documentos/GitHub/vamoshostia/tb3_ws/install/robot_trajectory'], 'cwd': '/home/usuario/Documentos/GitHub/vamoshostia/tb3_ws/build/robot_trajectory', 'env': OrderedDict([('GJS_DEBUG_TOPICS', 'JS ERROR;JS LOG'), ('LESSOPEN', '| /usr/bin/lesspipe %s'), ('USER', 'usuario'), ('SSH_AGENT_PID', '2596'), ('XDG_SESSION_TYPE', 'x11'), ('SHLVL', '1'), ('LD_LIBRARY_PATH', '/usr/lib/x86_64-linux-gnu/gazebo-11/plugins:/opt/ros/foxy/opt/yaml_cpp_vendor/lib:/opt/ros/foxy/opt/rviz_ogre_vendor/lib:/opt/ros/foxy/lib/x86_64-linux-gnu:/opt/ros/foxy/lib'), ('QT4_IM_MODULE', 'ibus'), ('HOME', '/home/usuario'), ('OLDPWD', '/home/usuario/Documentos/GitHub/vamoshostia/tb3_ws/src'), ('DESKTOP_SESSION', 'ubuntu'), ('ROS_PYTHON_VERSION', '3'), ('GNOME_SHELL_SESSION_MODE', 'ubuntu'), ('GTK_MODULES', 'gail:atk-bridge'), ('MANAGERPID', '2414'), ('DBUS_SESSION_BUS_ADDRESS', 'unix:path=/run/user/1000/bus'), ('COLORTERM', 'truecolor'), ('MANDATORY_PATH', '/usr/share/gconf/ubuntu.mandatory.path'), ('IM_CONFIG_PHASE', '1'), ('COLCON_PREFIX_PATH', '/home/usuario/Documentos/GitHub/vamoshostia/install'), ('ROS_DISTRO', 'foxy'), ('GTK_IM_MODULE', 'ibus'), ('LOGNAME', 'usuario'), ('JOURNAL_STREAM', '8:53161'), ('_', '/usr/bin/colcon'), ('ROS_VERSION', '2'), ('XDG_SESSION_CLASS', 'user'), ('DEFAULTS_PATH', '/usr/share/gconf/ubuntu.default.path'), ('USERNAME', 'usuario'), ('TERM', 'xterm-256color'), ('GNOME_DESKTOP_SESSION_ID', 'this-is-deprecated'), ('ROS_LOCALHOST_ONLY', '0'), ('WINDOWPATH', '2'), ('PATH', '/opt/ros/foxy/bin:/home/usuario/.local/bin:/usr/local/sbin:/usr/local/bin:/usr/sbin:/usr/bin:/sbin:/bin:/usr/games:/usr/local/games:/snap/bin'), ('SESSION_MANAGER', 'local/labrob15.act.uji.es:@/tmp/.ICE-unix/2691,unix/labrob15.act.uji.es:/tmp/.ICE-unix/2691'), ('INVOCATION_ID', '90669643258440b7ac9f8679b972599d'), ('XDG_MENU_PREFIX', 'gnome-'), ('GNOME_TERMINAL_SCREEN', '/org/gnome/Terminal/screen/88365b5c_a2ac_4206_a308_27663ebe8862'), ('XDG_RUNTIME_DIR', '/run/user/1000'), ('DISPLAY', ':1'), ('LANG', 'es_ES.UTF-8'), ('XDG_CURRENT_DESKTOP', 'ubuntu:GNOME'), ('XMODIFIERS', '@im=ibus'), ('XDG_SESSION_DESKTOP', 'ubuntu'), ('XAUTHORITY', '/run/user/1000/gdm/Xauthority'), ('LS_COLORS', 'rs=0:di=01;34:ln=01;36:mh=00:pi=40;33:so=01;35:do=01;35:bd=40;33;01:cd=40;33;01:or=40;31;01:mi=00:su=37;41:sg=30;43:ca=30;41:tw=30;42:ow=34;42:st=37;44:ex=01;32:*.tar=01;31:*.tgz=01;31:*.arc=01;31:*.arj=01;31:*.taz=01;31:*.lha=01;31:*.lz4=01;31:*.lzh=01;31:*.lzma=01;31:*.tlz=01;31:*.txz=01;31:*.tzo=01;31:*.t7z=01;31:*.zip=01;31:*.z=01;31:*.dz=01;31:*.gz=01;31:*.lrz=01;31:*.lz=01;31:*.lzo=01;31:*.xz=01;31:*.zst=01;31:*.tzst=01;31:*.bz2=01;31:*.bz=01;31:*.tbz=01;31:*.tbz2=01;31:*.tz=01;31:*.deb=01;31:*.rpm=01;31:*.jar=01;31:*.war=01;31:*.ear=01;31:*.sar=01;31:*.rar=01;31:*.alz=01;31:*.ace=01;31:*.zoo=01;31:*.cpio=01;31:*.7z=01;31:*.rz=01;31:*.cab=01;31:*.wim=01;31:*.swm=01;31:*.dwm=01;31:*.esd=01;31:*.jpg=01;35:*.jpeg=01;35:*.mjpg=01;35:*.mjpeg=01;35:*.gif=01;35:*.bmp=01;35:*.pbm=01;35:*.pgm=01;35:*.ppm=01;35:*.tga=01;35:*.xbm=01;35:*.xpm=01;35:*.tif=01;35:*.tiff=01;35:*.png=01;35:*.svg=01;35:*.svgz=01;35:*.mng=01;35:*.pcx=01;35:*.mov=01;35:*.mpg=01;35:*.mpeg=01;35:*.m2v=01;35:*.mkv=01;35:*.webm=01;35:*.ogm=01;35:*.mp4=01;35:*.m4v=01;35:*.mp4v=01;35:*.vob=01;35:*.qt=01;35:*.nuv=01;35:*.wmv=01;35:*.asf=01;35:*.rm=01;35:*.rmvb=01;35:*.flc=01;35:*.avi=01;35:*.fli=01;35:*.flv=01;35:*.gl=01;35:*.dl=01;35:*.xcf=01;35:*.xwd=01;35:*.yuv=01;35:*.cgm=01;35:*.emf=01;35:*.ogv=01;35:*.ogx=01;35:*.aac=00;36:*.au=00;36:*.flac=00;36:*.m4a=00;36:*.mid=00;36:*.midi=00;36:*.mka=00;36:*.mp3=00;36:*.mpc=00;36:*.ogg=00;36:*.ra=00;36:*.wav=00;36:*.oga=00;36:*.opus=00;36:*.spx=00;36:*.xspf=00;36:'), ('GNOME_TERMINAL_SERVICE', ':1.104'), ('SSH_AUTH_SOCK', '/run/user/1000/keyring/ssh'), ('ROS_DOMAIN_ID', '15'), ('AMENT_PREFIX_PATH', '/home/usuario/Documentos/GitHub/vamoshostia/install/examples_topics:/home/usuario/Documentos/GitHub/vamoshostia/install/examples_sum:/opt/ros/foxy'), ('SHELL', '/bin/bash'), ('QT_ACCESSIBILITY', '1'), ('GDMSESSION', 'ubuntu'), ('LESSCLOSE', '/usr/bin/lesspipe %s %s'), ('GPG_AGENT_INFO', '/run/user/1000/gnupg/S.gpg-agent:0:1'), ('GJS_DEBUG_OUTPUT', 'stderr'), ('QT_IM_MODULE', 'ibus'), ('PWD', '/home/usuario/Documentos/GitHub/vamoshostia/tb3_ws/build/robot_trajectory'), ('LC_ALL', 'es_ES.UTF-8'), ('XDG_CONFIG_DIRS', '/etc/xdg/xdg-ubuntu:/etc/xdg'), ('CLUTTER_IM_MODULE', 'ibus'), ('XDG_DATA_DIRS', '/usr/share/ubuntu:/usr/local/share/:/usr/share/:/var/lib/snapd/desktop'), ('PYTHONPATH', '/opt/ros/foxy/lib/python3.8/site-packages'), ('COLCON', '1'), ('VTE_VERSION', '6003'), ('CMAKE_PREFIX_PATH', '/home/usuario/Documentos/GitHub/vamoshostia/install/examples_topics:/home/usuario/Documentos/GitHub/vamoshostia/install/examples_sum')]), 'shell': False}
[0.033216] (robot_trajectory) StdoutLine: {'line': b'-- Found ament_cmake: 0.9.11 (/opt/ros/foxy/share/ament_cmake/cmake)\n'}
[0.060074] (robot_trajectory) StdoutLine: {'line': b'-- Using PYTHON_EXECUTABLE: /usr/bin/python3\n'}
[0.099799] (-) TimerEvent: {}
[0.200313] (-) TimerEvent: {}
[0.226234] (robot_trajectory) StdoutLine: {'line': b'-- Found rclcpp: 2.4.2 (/opt/ros/foxy/share/rclcpp/cmake)\n'}
[0.251773] (robot_trajectory) StdoutLine: {'line': b'-- Using all available rosidl_typesupport_c: rosidl_typesupport_fastrtps_c;rosidl_typesupport_introspection_c\n'}
[0.253921] (robot_trajectory) StdoutLine: {'line': b'-- Found rosidl_adapter: 1.3.0 (/opt/ros/foxy/share/rosidl_adapter/cmake)\n'}
[0.300674] (-) TimerEvent: {}
[0.348452] (robot_trajectory) StdoutLine: {'line': b'-- Using all available rosidl_typesupport_cpp: rosidl_typesupport_fastrtps_cpp;rosidl_typesupport_introspection_cpp\n'}
[0.386140] (robot_trajectory) StdoutLine: {'line': b'-- Found rmw_implementation_cmake: 1.0.3 (/opt/ros/foxy/share/rmw_implementation_cmake/cmake)\n'}
[0.387011] (robot_trajectory) StdoutLine: {'line': b"-- Using RMW implementation 'rmw_fastrtps_cpp' as default\n"}
[0.400774] (-) TimerEvent: {}
[0.491944] (robot_trajectory) StdoutLine: {'line': b'-- Found ament_lint_auto: 0.9.7 (/opt/ros/foxy/share/ament_lint_auto/cmake)\n'}
[0.500890] (-) TimerEvent: {}
[0.538754] (robot_trajectory) StderrLine: {'line': b"Error parsing '/home/usuario/Documentos/GitHub/vamoshostia/tb3_ws/src/tb3_ws/src/robot_trajectory/package.xml':\n"}
[0.600984] (-) TimerEvent: {}
[0.628398] (robot_trajectory) StderrLine: {'line': b'Traceback (most recent call last):\n'}
[0.628569] (robot_trajectory) StderrLine: {'line': b'  File "/usr/lib/python3/dist-packages/catkin_pkg/package.py", line 610, in parse_package_string\n'}
[0.628631] (robot_trajectory) StderrLine: {'line': b'    root = dom.parseString(data)\n'}
[0.628687] (robot_trajectory) StderrLine: {'line': b'  File "/usr/lib/python3.8/xml/dom/minidom.py", line 1969, in parseString\n'}
[0.628738] (robot_trajectory) StderrLine: {'line': b'    return expatbuilder.parseString(string)\n'}
[0.628823] (robot_trajectory) StderrLine: {'line': b'  File "/usr/lib/python3.8/xml/dom/expatbuilder.py", line 925, in parseString\n'}
[0.628881] (robot_trajectory) StderrLine: {'line': b'    return builder.parseString(string)\n'}
[0.628957] (robot_trajectory) StderrLine: {'line': b'  File "/usr/lib/python3.8/xml/dom/expatbuilder.py", line 223, in parseString\n'}
[0.629015] (robot_trajectory) StderrLine: {'line': b'    parser.Parse(string, True)\n'}
[0.629060] (robot_trajectory) StderrLine: {'line': b'xml.parsers.expat.ExpatError: mismatched tag: line 24, column 2\n'}
[0.629116] (robot_trajectory) StderrLine: {'line': b'\n'}
[0.629198] (robot_trajectory) StderrLine: {'line': b'During handling of the above exception, another exception occurred:\n'}
[0.629243] (robot_trajectory) StderrLine: {'line': b'\n'}
[0.629303] (robot_trajectory) StderrLine: {'line': b'Traceback (most recent call last):\n'}
[0.629384] (robot_trajectory) StderrLine: {'line': b'  File "/opt/ros/foxy/share/ament_cmake_core/cmake/core/package_xml_2_cmake.py", line 143, in <module>\n'}
[0.629435] (robot_trajectory) StderrLine: {'line': b'    main()\n'}
[0.629481] (robot_trajectory) StderrLine: {'line': b'  File "/opt/ros/foxy/share/ament_cmake_core/cmake/core/package_xml_2_cmake.py", line 52, in main\n'}
[0.629526] (robot_trajectory) StderrLine: {'line': b'    raise e\n'}
[0.629627] (robot_trajectory) StderrLine: {'line': b'  File "/opt/ros/foxy/share/ament_cmake_core/cmake/core/package_xml_2_cmake.py", line 48, in main\n'}
[0.629718] (robot_trajectory) StderrLine: {'line': b'    package = parse_package_string(\n'}
[0.629765] (robot_trajectory) StderrLine: {'line': b'  File "/usr/lib/python3/dist-packages/catkin_pkg/package.py", line 612, in parse_package_string\n'}
[0.629810] (robot_trajectory) StderrLine: {'line': b"    raise InvalidPackage('The manifest contains invalid XML:\\n%s' % ex, filename)\n"}
[0.629857] (robot_trajectory) StderrLine: {'line': b"catkin_pkg.package.InvalidPackage: Error(s) in package '/home/usuario/Documentos/GitHub/vamoshostia/tb3_ws/src/tb3_ws/src/robot_trajectory/package.xml':\n"}
[0.629910] (robot_trajectory) StderrLine: {'line': b'The manifest contains invalid XML:\n'}
[0.629956] (robot_trajectory) StderrLine: {'line': b'mismatched tag: line 24, column 2\n'}
[0.654347] (robot_trajectory) StderrLine: {'line': b'CMake Error at /opt/ros/foxy/share/ament_cmake_core/cmake/core/ament_package_xml.cmake:94 (message):\n'}
[0.654518] (robot_trajectory) StderrLine: {'line': b'  execute_process(/usr/bin/python3\n'}
[0.654573] (robot_trajectory) StderrLine: {'line': b'  /opt/ros/foxy/share/ament_cmake_core/cmake/core/package_xml_2_cmake.py\n'}
[0.654625] (robot_trajectory) StderrLine: {'line': b'  /home/usuario/Documentos/GitHub/vamoshostia/tb3_ws/src/tb3_ws/src/robot_trajectory/package.xml\n'}
[0.654674] (robot_trajectory) StderrLine: {'line': b'  /home/usuario/Documentos/GitHub/vamoshostia/tb3_ws/build/robot_trajectory/ament_cmake_core/package.cmake)\n'}
[0.654721] (robot_trajectory) StderrLine: {'line': b'  returned error code 1\n'}
[0.654767] (robot_trajectory) StderrLine: {'line': b'Call Stack (most recent call first):\n'}
[0.654812] (robot_trajectory) StderrLine: {'line': b'  /opt/ros/foxy/share/ament_cmake_core/cmake/core/ament_package_xml.cmake:49 (_ament_package_xml)\n'}
[0.654858] (robot_trajectory) StderrLine: {'line': b'  /opt/ros/foxy/share/ament_lint_auto/cmake/ament_lint_auto_find_test_dependencies.cmake:31 (ament_package_xml)\n'}
[0.654904] (robot_trajectory) StderrLine: {'line': b'  CMakeLists.txt:41 (ament_lint_auto_find_test_dependencies)\n'}
[0.654955] (robot_trajectory) StderrLine: {'line': b'\n'}
[0.655001] (robot_trajectory) StderrLine: {'line': b'\n'}
[0.655505] (robot_trajectory) StdoutLine: {'line': b'-- Configuring incomplete, errors occurred!\n'}
[0.655636] (robot_trajectory) StdoutLine: {'line': b'See also "/home/usuario/Documentos/GitHub/vamoshostia/tb3_ws/build/robot_trajectory/CMakeFiles/CMakeOutput.log".\n'}
[0.655725] (robot_trajectory) StdoutLine: {'line': b'See also "/home/usuario/Documentos/GitHub/vamoshostia/tb3_ws/build/robot_trajectory/CMakeFiles/CMakeError.log".\n'}
[0.664601] (robot_trajectory) CommandEnded: {'returncode': 1}
[0.665670] (robot_trajectory) JobEnded: {'identifier': 'robot_trajectory', 'rc': 1}
[0.676461] (-) EventReactorShutdown: {}
